[INFO] Scanning for projects...
[INFO] 
[INFO] -----< com.microservicio_laboratorios:microservicio_laboratorios >------
[INFO] Building microservicio_laboratorios 0.0.1-SNAPSHOT
[INFO]   from pom.xml
[INFO] --------------------------------[ jar ]---------------------------------
[INFO] 
[INFO] --- clean:3.4.1:clean (default-clean) @ microservicio_laboratorios ---
[INFO] Deleting C:\Users\Kathl\OneDrive\Documentos\DUOC\BIMESTRE_4\FULL_STACK_III\Experiencia_3\Exp3_S8_Katlheen_Rodriguez\microservicio_laboratorios\target
[INFO] 
[INFO] --- jacoco:0.8.10:prepare-agent (default) @ microservicio_laboratorios ---
[INFO] argLine set to -javaagent:C:\\Users\\Kathl\\.m2\\repository\\org\\jacoco\\org.jacoco.agent\\0.8.10\\org.jacoco.agent-0.8.10-runtime.jar=destfile=C:\\Users\\Kathl\\OneDrive\\Documentos\\DUOC\\BIMESTRE_4\\FULL_STACK_III\\Experiencia_3\\Exp3_S8_Katlheen_Rodriguez\\microservicio_laboratorios\\target\\jacoco.exec
[INFO] 
[INFO] --- resources:3.3.1:resources (default-resources) @ microservicio_laboratorios ---
[INFO] Copying 2 resources from src\main\resources to target\classes
[INFO] Copying 1 resource from src\main\resources to target\classes
[INFO] 
[INFO] --- compiler:3.14.1:compile (default-compile) @ microservicio_laboratorios ---
[INFO] Recompiling the module because of changed source code.
[INFO] Compiling 10 source files with javac [debug parameters release 17] to target\classes
[INFO] ------------------------------------------------------------------------
[INFO] BUILD SUCCESS
[INFO] ------------------------------------------------------------------------
[INFO] Total time:  6.553 s
[INFO] Finished at: 2025-12-14T00:42:49-03:00
[INFO] ------------------------------------------------------------------------
